// Jest Snapshot v1, https://goo.gl/fbAQLP

exports[`Pruebas en GifItem should match the snapshot 1`] = `
<div>
  <div
    class="card"
  >
    <img
      alt="title"
      src="https://url.com/img.png"
    />
    <p>
      title
    </p>
  </div>
</div>
`;
